[project]
name = "uv-tools-migration_tests"
version = "2025.06.08"
description = "Migrate any projects from pipenv to uv without pain"
readme = "README.md"
requires-python = ">=3.11"
dependencies = [
    "django==5.2.2",
    "djangorestframework==3.16.0",
    "lxml==5.4.0",
]
